../Drivers/CMSIS/Include/core_cm4.h:2064:26:ITM_SendChar	16	static,ignoring_inline_asm
../Core/Src/main.c:78:5:_write	32	static
../Core/Src/main.c:93:5:main	8	static
../Core/Src/main.c:159:6:SystemClock_Config	88	static
../Core/Src/main.c:207:13:MX_I2C1_Init	8	static
../Core/Src/main.c:241:13:MX_UART4_Init	8	static
../Core/Src/main.c:274:13:MX_GPIO_Init	48	static
../Core/Src/main.c:315:6:deleteFirstElement	24	static
../Core/Src/main.c:325:6:deleteThree_Resize	32	static
../Core/Src/main.c:381:6:Error_Handler	4	static,ignoring_inline_asm
