../Core/Src/LCD.c:42:6:HD44780_Init	16	static
../Core/Src/LCD.c:97:6:HD44780_Clear	8	static
../Core/Src/LCD.c:103:6:HD44780_Home	8	static
../Core/Src/LCD.c:109:6:HD44780_SetCursor	40	static
../Core/Src/LCD.c:119:6:HD44780_NoDisplay	8	static
../Core/Src/LCD.c:125:6:HD44780_Display	8	static
../Core/Src/LCD.c:131:6:HD44780_NoCursor	8	static
../Core/Src/LCD.c:137:6:HD44780_Cursor	8	static
../Core/Src/LCD.c:142:6:HD44780_PrintTemp	16	static
../Core/Src/LCD.c:153:6:HD44780_PrintHumid	16	static
../Core/Src/LCD.c:163:6:HD44780_NoBlink	8	static
../Core/Src/LCD.c:169:6:HD44780_Blink	8	static
../Core/Src/LCD.c:175:6:HD44780_ScrollDisplayLeft	8	static
../Core/Src/LCD.c:180:6:HD44780_ScrollDisplayRight	8	static
../Core/Src/LCD.c:185:6:HD44780_LeftToRight	8	static
../Core/Src/LCD.c:191:6:HD44780_RightToLeft	8	static
../Core/Src/LCD.c:197:6:HD44780_AutoScroll	8	static
../Core/Src/LCD.c:203:6:HD44780_NoAutoScroll	8	static
../Core/Src/LCD.c:209:6:HD44780_CreateSpecialChar	24	static
../Core/Src/LCD.c:219:6:HD44780_PrintSpecialChar	16	static
../Core/Src/LCD.c:224:6:HD44780_LoadCustomCharacter	16	static
../Core/Src/LCD.c:229:6:HD44780_PrintStr	16	static
../Core/Src/LCD.c:234:6:HD44780_SetBacklight	16	static
../Core/Src/LCD.c:240:6:HD44780_NoBacklight	8	static
../Core/Src/LCD.c:246:6:HD44780_Backlight	8	static
../Core/Src/LCD.c:252:13:SendCommand	16	static
../Core/Src/LCD.c:257:13:SendChar	16	static
../Core/Src/LCD.c:262:13:Send	24	static
../Core/Src/LCD.c:270:13:Write4Bits	16	static
../Core/Src/LCD.c:276:13:ExpanderWrite	32	static
../Core/Src/LCD.c:282:13:PulseEnable	16	static
../Core/Src/LCD.c:291:13:DelayInit	4	static,ignoring_inline_asm
../Core/Src/LCD.c:307:13:DelayUS	32	static
