../Core/Src/LCD.c:42:6:HD44780_Init	16	static
../Core/Src/LCD.c:97:6:HD44780_Clear	8	static
../Core/Src/LCD.c:103:6:HD44780_Home	8	static
../Core/Src/LCD.c:109:6:HD44780_SetCursor	40	static
../Core/Src/LCD.c:119:6:HD44780_NoDisplay	8	static
../Core/Src/LCD.c:125:6:HD44780_Display	8	static
../Core/Src/LCD.c:131:6:HD44780_NoCursor	8	static
../Core/Src/LCD.c:137:6:HD44780_Cursor	8	static
../Core/Src/LCD.c:142:6:HD44780_PrintDistance	16	static
../Core/Src/LCD.c:156:6:HD44780_NoBlink	8	static
../Core/Src/LCD.c:162:6:HD44780_Blink	8	static
../Core/Src/LCD.c:168:6:HD44780_ScrollDisplayLeft	8	static
../Core/Src/LCD.c:173:6:HD44780_ScrollDisplayRight	8	static
../Core/Src/LCD.c:178:6:HD44780_LeftToRight	8	static
../Core/Src/LCD.c:184:6:HD44780_RightToLeft	8	static
../Core/Src/LCD.c:190:6:HD44780_AutoScroll	8	static
../Core/Src/LCD.c:196:6:HD44780_NoAutoScroll	8	static
../Core/Src/LCD.c:202:6:HD44780_CreateSpecialChar	24	static
../Core/Src/LCD.c:212:6:HD44780_PrintSpecialChar	16	static
../Core/Src/LCD.c:217:6:HD44780_LoadCustomCharacter	16	static
../Core/Src/LCD.c:222:6:HD44780_PrintStr	16	static
../Core/Src/LCD.c:227:6:HD44780_SetBacklight	16	static
../Core/Src/LCD.c:233:6:HD44780_NoBacklight	8	static
../Core/Src/LCD.c:239:6:HD44780_Backlight	8	static
../Core/Src/LCD.c:245:13:SendCommand	16	static
../Core/Src/LCD.c:250:13:SendChar	16	static
../Core/Src/LCD.c:255:13:Send	24	static
../Core/Src/LCD.c:263:13:Write4Bits	16	static
../Core/Src/LCD.c:269:13:ExpanderWrite	32	static
../Core/Src/LCD.c:275:13:PulseEnable	16	static
../Core/Src/LCD.c:284:13:DelayInit	4	static,ignoring_inline_asm
../Core/Src/LCD.c:300:13:DelayUS	32	static
